// Jest Snapshot v1, https://goo.gl/fbAQLP

exports[`CampaignCard renders correctly 1`] = `
<div
  className="sc-bdVaJa dlXhdy sc-htpNat bFWwNG"
>
  <div
    onMouseLeave={[Function]}
  >
    <div
      className="top-section"
    >
      <div
        className="title"
      >
        <p
          className="tag"
        >
          Publish
        </p>
        <h3>
          College Pre-order receipts
        </h3>
        <p>
          ronlieber@sendmagnet.com
        </p>
      </div>
      <div
        className="actions-group"
      >
        <button
          className="options"
          data-testid="option-btn"
          onClick={[Function]}
          title="Show Options"
          type="button"
        >
          <svg
            fill="black"
            viewBox="0 0 20 20"
            xmlns="http://www.w3.org/2000/svg"
          >
            <path
              d="M10 12a2 2 0 1 1 0-4 2 2 0 0 1 0 4zm0-6a2 2 0 1 1 0-4 2 2 0 0 1 0 4zm0 12a2 2 0 1 1 0-4 2 2 0 0 1 0 4z"
            />
          </svg>
        </button>
      </div>
    </div>
    <div
      className="info"
    >
      <div
        className="info-section"
      >
        <p>
          Date Created
        </p>
        <span
          className="value"
        >
          12/15/2020
        </span>
      </div>
      <div
        className="info-section"
      >
        <p>
          Total Transactions
        </p>
        <span
          className="value"
        >
          0
        </span>
      </div>
    </div>
  </div>
</div>
`;

exports[`CampaignCard shows options 1`] = `
Object {
  "debug": [Function],
  "findAllByAltText": [Function],
  "findAllByDisplayValue": [Function],
  "findAllByLabelText": [Function],
  "findAllByPlaceholderText": [Function],
  "findAllByRole": [Function],
  "findAllByTestId": [Function],
  "findAllByText": [Function],
  "findAllByTitle": [Function],
  "findByAltText": [Function],
  "findByDisplayValue": [Function],
  "findByLabelText": [Function],
  "findByPlaceholderText": [Function],
  "findByRole": [Function],
  "findByTestId": [Function],
  "findByText": [Function],
  "findByTitle": [Function],
  "getAllByAltText": [Function],
  "getAllByDisplayValue": [Function],
  "getAllByLabelText": [Function],
  "getAllByPlaceholderText": [Function],
  "getAllByRole": [Function],
  "getAllByTestId": [Function],
  "getAllByText": [Function],
  "getAllByTitle": [Function],
  "getByAltText": [Function],
  "getByDisplayValue": [Function],
  "getByLabelText": [Function],
  "getByPlaceholderText": [Function],
  "getByRole": [Function],
  "getByTestId": [Function],
  "getByText": [Function],
  "getByTitle": [Function],
  "logTestingPlaygroundURL": [Function],
  "queryAllByAltText": [Function],
  "queryAllByDisplayValue": [Function],
  "queryAllByLabelText": [Function],
  "queryAllByPlaceholderText": [Function],
  "queryAllByRole": [Function],
  "queryAllByTestId": [Function],
  "queryAllByText": [Function],
  "queryAllByTitle": [Function],
  "queryByAltText": [Function],
  "queryByDisplayValue": [Function],
  "queryByLabelText": [Function],
  "queryByPlaceholderText": [Function],
  "queryByRole": [Function],
  "queryByTestId": [Function],
  "queryByText": [Function],
  "queryByTitle": [Function],
}
`;
